[live.themewild.com/airnex/index.html]
[backblue.gif]
[fade.gif]
[index.html]
[live.themewild.com/airnex/assets/img/logo/favicon.png]
[live.themewild.com/airnex/assets/css/bootstrap.min.css]
[live.themewild.com/airnex/assets/css/all-fontawesome.min.css]
[live.themewild.com/airnex/assets/css/animate.min.css]
[live.themewild.com/airnex/assets/css/magnific-popup.min.css]
[live.themewild.com/airnex/assets/css/owl.carousel.min.css]
[live.themewild.com/airnex/assets/css/slimselect.min.css]
[live.themewild.com/airnex/assets/css/style.css]
[live.themewild.com/airnex/index-2.html]
[live.themewild.com/airnex/assets/img/logo/logo.png]
[live.themewild.com/airnex/index-3.html]
[live.themewild.com/airnex/index-4.html]
[live.themewild.com/airnex/about.html]
[live.themewild.com/airnex/service.html]
[live.themewild.com/airnex/service-2.html]
[live.themewild.com/airnex/service-single.html]
[live.themewild.com/airnex/team.html]
[live.themewild.com/airnex/pricing.html]
[live.themewild.com/airnex/login.html]
[live.themewild.com/airnex/register.html]
[live.themewild.com/airnex/forgot-password.html]
[live.themewild.com/airnex/coming-soon.html]
[live.themewild.com/airnex/terms.html]
[live.themewild.com/airnex/privacy.html]
[live.themewild.com/airnex/contact.html]
[live.themewild.com/airnex/gallery.html]
[live.themewild.com/airnex/faq.html]
[live.themewild.com/airnex/testimonial.html]
[live.themewild.com/airnex/404.html]
[live.themewild.com/airnex/portfolio.html]
[live.themewild.com/airnex/portfolio-2.html]
[live.themewild.com/airnex/portfolio-single.html]
[live.themewild.com/airnex/blog.html]
[live.themewild.com/airnex/blog-single.html]
[live.themewild.com/airnex/assets/img/shape/02.png]
[live.themewild.com/airnex/assets/img/hero/slider-1.jpg]
[live.themewild.com/airnex/assets/img/icon/check.svg]
[live.themewild.com/airnex/assets/img/hero/slider-2.jpg]
[live.themewild.com/airnex/assets/img/hero/slider-3.jpg]
[live.themewild.com/airnex/assets/img/icon/residential.svg]
[live.themewild.com/airnex/assets/img/icon/commercial.svg]
[live.themewild.com/airnex/assets/img/shape/04.png]
[live.themewild.com/airnex/assets/img/about/01.jpg]
[live.themewild.com/airnex/assets/img/about/02.jpg]
[live.themewild.com/airnex/assets/img/icon/ac-repair.svg]
[live.themewild.com/airnex/assets/img/about/03.jpg]
[live.themewild.com/airnex/assets/img/icon/heating.svg]
[live.themewild.com/airnex/assets/img/icon/ac-install.svg]
[live.themewild.com/airnex/assets/img/icon/cooler.svg]
[live.themewild.com/airnex/assets/img/icon/repair-2.svg]
[live.themewild.com/airnex/assets/img/icon/dust.svg]
[live.themewild.com/airnex/assets/img/icon/quality.svg]
[live.themewild.com/airnex/assets/img/portfolio/01.jpg]
[live.themewild.com/airnex/assets/img/portfolio/02.jpg]
[live.themewild.com/airnex/assets/img/portfolio/03.jpg]
[live.themewild.com/airnex/assets/img/portfolio/04.jpg]
[live.themewild.com/airnex/assets/img/portfolio/05.jpg]
[live.themewild.com/airnex/assets/img/portfolio/06.jpg]
[live.themewild.com/airnex/assets/img/icon/happy.svg]
[live.themewild.com/airnex/assets/img/icon/technician.svg]
[live.themewild.com/airnex/assets/img/icon/shop.svg]
[live.themewild.com/airnex/assets/img/icon/money.svg]
[live.themewild.com/airnex/assets/img/icon/emergency-repair.svg]
[live.themewild.com/airnex/assets/img/icon/support.svg]
[live.themewild.com/airnex/assets/img/feature/01.jpg]
[live.themewild.com/airnex/assets/img/icon/icon-google.svg]
[live.themewild.com/airnex/assets/img/choose/01.jpg]
[live.themewild.com/airnex/assets/img/choose/02.jpg]
[live.themewild.com/airnex/assets/img/video/01.jpg]
[live.themewild.com/airnex/assets/img/partner/01.png]
[live.themewild.com/airnex/assets/img/partner/02.png]
[live.themewild.com/airnex/driver-single.html]
[live.themewild.com/airnex/assets/js/slimselect.min.js]
[live.themewild.com/airnex/index.html]
[live.themewild.com/airnex/assets/css/bootstrap.min.css]
[live.themewild.com/airnex/assets/css/all-fontawesome.min.css]
[live.themewild.com/airnex/assets/css/animate.min.css]
[live.themewild.com/airnex/assets/css/magnific-popup.min.css]
[live.themewild.com/airnex/assets/css/owl.video.play.png]
[live.themewild.com/airnex/assets/css/owl.carousel.min.css]
[live.themewild.com/airnex/assets/css/slimselect.min.css]
[live.themewild.com/airnex/assets/css/style.css]
[live.themewild.com/airnex/index-2.html]
[live.themewild.com/airnex/index-3.html]
[live.themewild.com/airnex/index-4.html]
[live.themewild.com/airnex/about.html]
[live.themewild.com/airnex/service.html]
[live.themewild.com/airnex/service-2.html]
[live.themewild.com/airnex/service-single.html]
[live.themewild.com/airnex/team.html]
[live.themewild.com/airnex/pricing.html]
[live.themewild.com/airnex/login.html]
[live.themewild.com/airnex/register.html]
[live.themewild.com/airnex/forgot-password.html]
[live.themewild.com/airnex/coming-soon.html]
[live.themewild.com/airnex/terms.html]
[live.themewild.com/airnex/privacy.html]
[live.themewild.com/airnex/contact.html]
[live.themewild.com/airnex/gallery.html]
[live.themewild.com/airnex/faq.html]
[live.themewild.com/airnex/testimonial.html]
[live.themewild.com/airnex/404.html]
[live.themewild.com/airnex/portfolio.html]
[live.themewild.com/airnex/portfolio-2.html]
[live.themewild.com/airnex/portfolio-single.html]
[live.themewild.com/airnex/blog.html]
[live.themewild.com/airnex/blog-single.html]
[live.themewild.com/airnex/assets/img/icon/check.svg]
[live.themewild.com/airnex/assets/img/icon/residential.svg]
[live.themewild.com/airnex/assets/img/icon/commercial.svg]
[live.themewild.com/airnex/assets/img/icon/ac-repair.svg]
[live.themewild.com/airnex/assets/img/icon/heating.svg]
[live.themewild.com/airnex/assets/img/icon/ac-install.svg]
[live.themewild.com/airnex/assets/img/icon/cooler.svg]
[live.themewild.com/airnex/assets/img/icon/repair-2.svg]
[live.themewild.com/airnex/assets/img/icon/dust.svg]
[live.themewild.com/airnex/assets/img/icon/quality.svg]
[live.themewild.com/airnex/assets/img/icon/happy.svg]
[live.themewild.com/airnex/assets/img/icon/technician.svg]
[live.themewild.com/airnex/assets/img/icon/shop.svg]
[live.themewild.com/airnex/assets/img/icon/money.svg]
[live.themewild.com/airnex/assets/img/icon/emergency-repair.svg]
[live.themewild.com/airnex/assets/img/icon/support.svg]
[live.themewild.com/airnex/assets/img/icon/icon-google.svg]
[live.themewild.com/airnex/assets/img/partner/03.html]
[live.themewild.com/airnex/assets/img/partner/04.html]
[live.themewild.com/airnex/assets/img/partner/05.html]
[live.themewild.com/airnex/assets/img/team/01.html]
[live.themewild.com/airnex/driver-single.html]
[live.themewild.com/airnex/assets/img/team/02.html]
[live.themewild.com/airnex/assets/img/team/03.html]
[live.themewild.com/airnex/assets/img/team/04.html]
[live.themewild.com/airnex/assets/img/step/01.html]
[live.themewild.com/airnex/assets/img/step/02.html]
[live.themewild.com/airnex/assets/img/step/03.html]
[live.themewild.com/airnex/assets/img/icon/quote.html]
[live.themewild.com/airnex/assets/img/testimonial/01.html]
[live.themewild.com/airnex/assets/img/testimonial/02.html]
[live.themewild.com/airnex/assets/img/testimonial/03.html]
[live.themewild.com/airnex/assets/img/testimonial/04.html]
[live.themewild.com/airnex/assets/img/testimonial/05.html]
[live.themewild.com/airnex/assets/img/marquee/01.html]
[live.themewild.com/airnex/assets/img/faq/01.html]
[live.themewild.com/airnex/assets/img/quote/01.html]
[live.themewild.com/airnex/assets/img/blog/01.html]
[live.themewild.com/airnex/assets/img/blog/02.html]
[live.themewild.com/airnex/assets/img/blog/03.html]
[live.themewild.com/airnex/assets/img/cta/01.html]
[live.themewild.com/airnex/assets/img/shape/01.html]
[live.themewild.com/airnex/assets/img/logo/logo-light.html]
[live.themewild.com/airnex/assets/js/jquery-3.7.1.min.html]
[live.themewild.com/airnex/assets/js/bootstrap.bundle.min.html]
[live.themewild.com/airnex/assets/js/jquery.magnific-popup.min.html]
[live.themewild.com/airnex/assets/js/isotope.pkgd.min.html]
[live.themewild.com/airnex/assets/js/jquery.appear.min.html]
[live.themewild.com/airnex/assets/js/owl.carousel.min.html]
[live.themewild.com/airnex/assets/js/counter-up.html]
[live.themewild.com/airnex/assets/js/wow.min.html]
[live.themewild.com/airnex/assets/js/slimselect.min.js]
[live.themewild.com/airnex/assets/js/gsap.min.html]
[live.themewild.com/airnex/assets/js/ScrollTrigger.min.html]
[live.themewild.com/airnex/assets/js/SplitText.min.html]
[live.themewild.com/airnex/assets/js/main.html]
[live.themewild.com/airnex/assets/fonts/fa-brands-400.html]
[live.themewild.com/airnex/assets/fonts/fa-brands-401.html]
[live.themewild.com/airnex/assets/fonts/fa-duotone-900.html]
[live.themewild.com/airnex/assets/fonts/fa-duotone-901.html]
[live.themewild.com/airnex/assets/fonts/fa-light-300.html]
[live.themewild.com/airnex/assets/fonts/fa-light-301.html]
[live.themewild.com/airnex/assets/fonts/fa-regular-400.html]
[live.themewild.com/airnex/assets/fonts/fa-regular-401.html]
[live.themewild.com/airnex/assets/fonts/fa-solid-900.html]
[live.themewild.com/airnex/assets/fonts/fa-solid-901.html]
[live.themewild.com/airnex/assets/fonts/fa-thin-100.html]
[live.themewild.com/airnex/assets/fonts/fa-thin-101.html]
[live.themewild.com/airnex/assets/fonts/fa-v4compatibility.html]
[live.themewild.com/airnex/assets/fonts/fa-v4compatibility-2.html]
[live.themewild.com/airnex/assets/fonts/fa-sharp-light-300.html]
[live.themewild.com/airnex/assets/fonts/fa-sharp-light-301.html]
[live.themewild.com/airnex/assets/fonts/fa-sharp-regular-400.html]
[live.themewild.com/airnex/assets/fonts/fa-sharp-regular-401.html]
[live.themewild.com/airnex/assets/fonts/fa-sharp-solid-900.html]
[live.themewild.com/airnex/assets/fonts/fa-sharp-solid-901.html]
[live.themewild.com/airnex/assets/css/owl.video.play.html]
[live.themewild.com/airnex/assets/img/shape/06.html]
[live.themewild.com/airnex/assets/img/shape/08.html]
[live.themewild.com/airnex/assets/img/shape/07.html]
[live.themewild.com/airnex/assets/img/shape/05.html]
[live.themewild.com/airnex/assets/img/hero/bg.html]
[live.themewild.com/airnex/assets/img/service/01.html]
[live.themewild.com/airnex/assets/img/service/02.html]
[live.themewild.com/airnex/assets/img/service/03.html]
[live.themewild.com/airnex/assets/img/service/04.html]
[live.themewild.com/airnex/assets/img/service/05.html]
[live.themewild.com/airnex/assets/img/service/06.html]
[live.themewild.com/airnex/assets/img/portfolio/bg.html]
[live.themewild.com/airnex/assets/img/gallery/01.html]
[live.themewild.com/airnex/assets/img/gallery/04.html]
[live.themewild.com/airnex/assets/img/gallery/02.html]
[live.themewild.com/airnex/assets/img/gallery/03.html]
[live.themewild.com/airnex/assets/img/gallery/05.html]
[live.themewild.com/airnex/assets/img/icon/energy-saving.html]
[live.themewild.com/airnex/assets/img/icon/call-2.html]
[live.themewild.com/airnex/assets/img/shape/09.html]
[live.themewild.com/airnex/assets/img/hero/hero-1.html]
[live.themewild.com/airnex/assets/img/about/04.html]
[live.themewild.com/airnex/assets/img/breadcrumb/01.html]
[live.themewild.com/airnex/assets/img/service/single.html]
[live.themewild.com/airnex/assets/img/coming-soon/01.html]
[live.themewild.com/airnex/assets/js/countdown.min.html]
[live.themewild.com/airnex/assets/img/icon/address.html]
[live.themewild.com/airnex/assets/img/icon/call.html]
[live.themewild.com/airnex/assets/img/icon/email.html]
[live.themewild.com/airnex/assets/img/icon/clock.html]
[live.themewild.com/airnex/assets/js/contact-form.html]
[live.themewild.com/airnex/assets/img/error/404.html]
[live.themewild.com/airnex/assets/img/portfolio/single.html]
[live.themewild.com/airnex/assets/img/blog/single.html]
[live.themewild.com/airnex/assets/img/blog/author.html]
[live.themewild.com/airnex/assets/img/blog/com-1.html]
[live.themewild.com/airnex/assets/img/blog/com-2.html]
[live.themewild.com/airnex/assets/img/blog/com-3.html]
[live.themewild.com/airnex/assets/img/blog/bs-1.html]
[live.themewild.com/airnex/assets/img/blog/bs-2.html]
[live.themewild.com/airnex/assets/img/blog/bs-3.html]
